======================================================================================================================
DESCRIPTION:

MB-45684: Fix cbstats stats_key and stats_vkey error messages

The exception is now printed rather than hitting an AttributeError.

e.g.,

 Memcached error #1:  KEY_ENOENT : Not Found :

Rather than the previous:

Traceback (most recent call last):
  File ".../engines/ep/management/cbstats", line 539, in stats_key
    vbs = mc.stats(cmd)
  File ".../engines/ep/management/mc_bin_client.py", line 636, in stats
    cmd, opaque, cas, klen, extralen, data = self._handleKeyedResponse(None)
  File ".../engines/ep/management/mc_bin_client.py", line 292, in _handleKeyedResponse
    raise MemcachedError(errcode,  msg)
mc_bin_client.ErrorKeyEnoent: Memcached error #1:  KEY_ENOENT : Not Found :

During handling of the above exception, another exception occurred:

Traceback (most recent call last):
  File ".../engines/ep/management/cbstats", line 1010, in <module>
    main()
  File ".../engines/ep/management/cbstats", line 1007, in main
    c.execute()
  File ".../engines/ep/management/clitool.py", line 83, in execute
    f[0](mc, *args[2:], **opts.__dict__)
  File ".../engines/ep/management/cbstats", line 49, in g
    f(*args, **kwargs)
  File ".../engines/ep/management/cli_auth_utils.py", line 106, in g
    f(*args, **kwargs)
  File ".../engines/ep/management/cbstats", line 541, in stats_key
    print(e.message)
AttributeError: 'ErrorKeyEnoent' object has no attribute 'message'

Change-Id: Iae887189b485e1c62dd5f5ceba599e0660502067
Reviewed-on: http://review.couchbase.org/c/kv_engine/+/151234
Reviewed-by: Daniel Owen <owend@couchbase.com>
Tested-by: James Harrison <james.harrison@couchbase.com>
Tested-by: Build Bot <build@couchbase.com>

======================================================================================================================
COMMENTS
======================================================================================================================
Author: Daniel Owen
Date: 2021-04-15 13:23:15.000000000
Message: 
Change has been successfully cherry-picked as 4f7ba951993df00e172dc6240702c6895f3dd7ef by Daniel Owen
----------------------------------------------------------------------------------------------------------------------
Author: Build Bot
Date: 2021-04-15 13:57:10.000000000
Message: 
Patch Set 5:

Build Started http://cv.jenkins.couchbase.com/job/kv_engine-master-post-commit/7300/ (2/2)
----------------------------------------------------------------------------------------------------------------------
Author: Build Bot
Date: 2021-04-15 16:12:39.000000000
Message: 
Patch Set 5:

Build Failed 

http://cv.jenkins.couchbase.com/job/kv_engine-master-post-commit/7300/ : FAILURE

No problems were identified. If you know why this problem occurred, please add a suitable Cause for it. ( http://cv.jenkins.couchbase.com/job/kv_engine-master-post-commit/7300/ )

http://cv.jenkins.couchbase.com/job/kv-engine-master-perf/4710/ : FAILURE

CMake error: tlm/cmake/Modules/FindCouchbaseErlang.cmake:68 (MESSAGE) ( http://cv.jenkins.couchbase.com/job/kv-engine-master-perf/4710/ )'
----------------------------------------------------------------------------------------------------------------------
