======================================================================================================================
DESCRIPTION:

MB-45684: Fix cbstats stats_key and stats_vkey error messages

The exception is now printed rather than hitting an AttributeError.

e.g.,

 Memcached error #1:  KEY_ENOENT : Not Found :

Rather than the previous:

Traceback (most recent call last):
  File "/Users/jamesharrison/couchbase/kv_engine/engines/ep/management/cbstats", line 539, in stats_key
    vbs = mc.stats(cmd)
  File "/Users/jamesharrison/couchbase/kv_engine/engines/ep/management/mc_bin_client.py", line 636, in stats
    cmd, opaque, cas, klen, extralen, data = self._handleKeyedResponse(None)
  File "/Users/jamesharrison/couchbase/kv_engine/engines/ep/management/mc_bin_client.py", line 292, in _handleKeyedResponse
    raise MemcachedError(errcode,  msg)
mc_bin_client.ErrorKeyEnoent: Memcached error #1:  KEY_ENOENT : Not Found :

During handling of the above exception, another exception occurred:

Traceback (most recent call last):
  File "/Users/jamesharrison/couchbase/kv_engine/engines/ep/management/cbstats", line 1010, in <module>
    main()
  File "/Users/jamesharrison/couchbase/kv_engine/engines/ep/management/cbstats", line 1007, in main
    c.execute()
  File "/Users/jamesharrison/couchbase/kv_engine/engines/ep/management/clitool.py", line 83, in execute
    f[0](mc, *args[2:], **opts.__dict__)
  File "/Users/jamesharrison/couchbase/kv_engine/engines/ep/management/cbstats", line 49, in g
    f(*args, **kwargs)
  File "/Users/jamesharrison/couchbase/kv_engine/engines/ep/management/cli_auth_utils.py", line 106, in g
    f(*args, **kwargs)
  File "/Users/jamesharrison/couchbase/kv_engine/engines/ep/management/cbstats", line 541, in stats_key
    print(e.message)
AttributeError: 'ErrorKeyEnoent' object has no attribute 'message'

Change-Id: Iae887189b485e1c62dd5f5ceba599e0660502067

======================================================================================================================
COMMENTS
======================================================================================================================
Author: James H
Date: 2021-04-15 10:37:20.000000000
Message: 
Uploaded patch set 3.
----------------------------------------------------------------------------------------------------------------------
Author: James H
Date: 2021-04-15 10:38:06.000000000
Message: 
Patch Set 3: Verified+1

Verified manually for key and vkey
----------------------------------------------------------------------------------------------------------------------
Author: Build Bot
Date: 2021-04-15 10:53:26.000000000
Message: 
Patch Set 3: Verified+1

Build Successful 

http://cv.jenkins.couchbase.com/job/kv_engine-clang_analyzer-master/30000/ : SUCCESS

http://cv.jenkins.couchbase.com/job/kv_engine-windows-master/34958/ : SUCCESS

http://cv.jenkins.couchbase.com/job/kv_engine-clang_tidy/8345/ : SUCCESS

http://cv.jenkins.couchbase.com/job/kv_engine-clang_format_9/6891/ : SUCCESS

http://cv.jenkins.couchbase.com/job/kv_engine.macos/job/master/8936/ : SUCCESS

http://cv.jenkins.couchbase.com/job/kv_engine.threadsanitizer/job/master/10237/ : SUCCESS

http://cv.jenkins.couchbase.com/job/kv_engine.linux-CE/job/master/9868/ : SUCCESS

http://cv.jenkins.couchbase.com/job/kv_engine.linux/job/master/10006/ : SUCCESS

http://cv.jenkins.couchbase.com/job/kv_engine.ASan-UBSan/job/master/17784/ : SUCCESS
----------------------------------------------------------------------------------------------------------------------
